Build started 01/01/2026 7:13:35 CH.

Project "C:\Users\AD\source\repos\Project_Recruiment_Huce\Project_Recruiment_Huce\Project_Recruiment_Huce.csproj" on node 1 (Build target(s)).
GenerateTargetFrameworkMonikerAttribute:
Skipping target "GenerateTargetFrameworkMonikerAttribute" because all output files are up-to-date with respect to the input files.
CoreCompile:
  C:\Program Files\Microsoft Visual Studio\2022\Community\MSBuild\Current\Bin\Roslyn\csc.exe /noconfig /nowarn:1701,1702 /fullpaths /nostdlib+ /errorreport:prompt /warn:4 /define:DEBUG;TRACE /highentropyva+ /reference:C:\Users\AD\source\repos\Project_Recruiment_Huce\packages\Antlr.3.5.0.2\lib\Antlr3.Runtime.dll /reference:C:\Users\AD\source\repos\Project_Recruiment_Huce\packages\BouncyCastle.Cryptography.2.6.1\lib\net461\BouncyCastle.Cryptography.dll /reference:C:\Users\AD\source\repos\Project_Recruiment_Huce\packages\EntityFramework.6.4.4\lib\net45\EntityFramework.dll /reference:C:\Users\AD\source\repos\Project_Recruiment_Huce\packages\EntityFramework.6.4.4\lib\net45\EntityFramework.SqlServer.dll /reference:C:\Users\AD\source\repos\Project_Recruiment_Huce\packages\Google.Apis.Admin.Directory.directory_v1.1.72.0.3963\lib\net462\Google.Apis.Admin.Directory.directory_v1.dll /reference:C:\Users\AD\source\repos\Project_Recruiment_Huce\packages\Google.Apis.Auth.1.72.0\lib\net462\Google.Apis.Auth.dll /reference:C:\Users\AD\source\repos\Project_Recruiment_Huce\packages\Google.Apis.Core.1.72.0\lib\net462\Google.Apis.Core.dll /reference:C:\Users\AD\source\repos\Project_Recruiment_Huce\packages\Google.Apis.1.72.0\lib\net462\Google.Apis.dll /reference:C:\Users\AD\source\repos\Project_Recruiment_Huce\packages\Hangfire.AspNet.0.3.0\lib\net45\Hangfire.AspNet.dll /reference:C:\Users\AD\source\repos\Project_Recruiment_Huce\packages\Hangfire.Core.1.8.22\lib\net46\Hangfire.Core.dll /reference:C:\Users\AD\source\repos\Project_Recruiment_Huce\packages\Hangfire.SqlServer.1.8.22\lib\net451\Hangfire.SqlServer.dll /reference:C:\Users\AD\source\repos\Project_Recruiment_Huce\packages\MailKit.4.14.1\lib\net47\MailKit.dll /reference:C:\Users\AD\source\repos\Project_Recruiment_Huce\packages\Microsoft.AspNet.Identity.Core.2.2.4\lib\net45\Microsoft.AspNet.Identity.Core.dll /reference:C:\Users\AD\source\repos\Project_Recruiment_Huce\packages\Microsoft.AspNet.Identity.EntityFramework.2.2.4\lib\net45\Microsoft.AspNet.Identity.EntityFramework.dll /reference:C:\Users\AD\source\repos\Project_Recruiment_Huce\packages\Microsoft.AspNet.Identity.Owin.2.2.4\lib\net45\Microsoft.AspNet.Identity.Owin.dll /reference:C:\Users\AD\source\repos\Project_Recruiment_Huce\packages\Microsoft.CodeDom.Providers.DotNetCompilerPlatform.2.0.1\lib\net45\Microsoft.CodeDom.Providers.DotNetCompilerPlatform.dll /reference:"C:\Program Files (x86)\Reference Assemblies\Microsoft\Framework\.NETFramework\v4.7.2\Microsoft.CSharp.dll" /reference:C:\Users\AD\source\repos\Project_Recruiment_Huce\packages\Microsoft.Owin.4.2.2\lib\net45\Microsoft.Owin.dll /reference:C:\Users\AD\source\repos\Project_Recruiment_Huce\packages\Microsoft.Owin.Host.SystemWeb.4.2.2\lib\net45\Microsoft.Owin.Host.SystemWeb.dll /reference:C:\Users\AD\source\repos\Project_Recruiment_Huce\packages\Microsoft.Owin.Security.Cookies.4.2.2\lib\net45\Microsoft.Owin.Security.Cookies.dll /reference:C:\Users\AD\source\repos\Project_Recruiment_Huce\packages\Microsoft.Owin.Security.4.2.2\lib\net45\Microsoft.Owin.Security.dll /reference:C:\Users\AD\source\repos\Project_Recruiment_Huce\packages\Microsoft.Owin.Security.Facebook.4.2.2\lib\net45\Microsoft.Owin.Security.Facebook.dll /reference:C:\Users\AD\source\repos\Project_Recruiment_Huce\packages\Microsoft.Owin.Security.Google.4.2.2\lib\net45\Microsoft.Owin.Security.Google.dll /reference:C:\Users\AD\source\repos\Project_Recruiment_Huce\packages\Microsoft.Owin.Security.MicrosoftAccount.4.2.2\lib\net45\Microsoft.Owin.Security.MicrosoftAccount.dll /reference:C:\Users\AD\source\repos\Project_Recruiment_Huce\packages\Microsoft.Owin.Security.OAuth.4.2.2\lib\net45\Microsoft.Owin.Security.OAuth.dll /reference:C:\Users\AD\source\repos\Project_Recruiment_Huce\packages\Microsoft.Owin.Security.Twitter.4.2.2\lib\net45\Microsoft.Owin.Security.Twitter.dll /reference:C:\Users\AD\source\repos\Project_Recruiment_Huce\packages\Microsoft.Web.Infrastructure.2.0.0\lib\net40\Microsoft.Web.Infrastructure.dll /reference:C:\Users\AD\source\repos\Project_Recruiment_Huce\packages\MimeKit.4.14.0\lib\net47\MimeKit.dll /reference:"C:\Program Files (x86)\Reference Assemblies\Microsoft\Framework\.NETFramework\v4.7.2\mscorlib.dll" /reference:C:\Users\AD\source\repos\Project_Recruiment_Huce\packages\Newtonsoft.Json.13.0.4\lib\net45\Newtonsoft.Json.dll /reference:C:\Users\AD\source\repos\Project_Recruiment_Huce\packages\Owin.1.0\lib\net40\Owin.dll /reference:C:\Users\AD\source\repos\Project_Recruiment_Huce\packages\System.Buffers.4.6.0\lib\net462\System.Buffers.dll /reference:"C:\Program Files (x86)\Reference Assemblies\Microsoft\Framework\.NETFramework\v4.7.2\System.ComponentModel.DataAnnotations.dll" /reference:"C:\Program Files (x86)\Reference Assemblies\Microsoft\Framework\.NETFramework\v4.7.2\System.Configuration.dll" /reference:"C:\Program Files (x86)\Reference Assemblies\Microsoft\Framework\.NETFramework\v4.7.2\System.Core.dll" /reference:"C:\Program Files (x86)\Reference Assemblies\Microsoft\Framework\.NETFramework\v4.7.2\System.Data.DataSetExtensions.dll" /reference:"C:\Program Files (x86)\Reference Assemblies\Microsoft\Framework\.NETFramework\v4.7.2\System.Data.dll" /reference:"C:\Program Files (x86)\Reference Assemblies\Microsoft\Framework\.NETFramework\v4.7.2\System.Data.Linq.dll" /reference:"C:\Program Files (x86)\Reference Assemblies\Microsoft\Framework\.NETFramework\v4.7.2\System.dll" /reference:"C:\Program Files (x86)\Reference Assemblies\Microsoft\Framework\.NETFramework\v4.7.2\System.Drawing.dll" /reference:"C:\Program Files (x86)\Reference Assemblies\Microsoft\Framework\.NETFramework\v4.7.2\System.EnterpriseServices.dll" /reference:C:\Users\AD\source\repos\Project_Recruiment_Huce\packages\System.Formats.Asn1.8.0.1\lib\net462\System.Formats.Asn1.dll /reference:"C:\Program Files (x86)\Reference Assemblies\Microsoft\Framework\.NETFramework\v4.7.2\System.Management.dll" /reference:C:\Users\AD\source\repos\Project_Recruiment_Huce\packages\System.Memory.4.6.0\lib\net462\System.Memory.dll /reference:"C:\Program Files (x86)\Reference Assemblies\Microsoft\Framework\.NETFramework\v4.7.2\System.Net.Http.dll" /reference:C:\Users\AD\source\repos\Project_Recruiment_Huce\packages\Microsoft.AspNet.WebApi.Client.5.2.9\lib\net45\System.Net.Http.Formatting.dll /reference:"C:\Program Files (x86)\Reference Assemblies\Microsoft\Framework\.NETFramework\v4.7.2\System.Net.Http.WebRequest.dll" /reference:"C:\Program Files (x86)\Reference Assemblies\Microsoft\Framework\.NETFramework\v4.7.2\System.Numerics.dll" /reference:C:\Users\AD\source\repos\Project_Recruiment_Huce\packages\System.Numerics.Vectors.4.6.0\lib\net462\System.Numerics.Vectors.dll /reference:C:\Users\AD\source\repos\Project_Recruiment_Huce\packages\System.Runtime.CompilerServices.Unsafe.6.1.0\lib\net462\System.Runtime.CompilerServices.Unsafe.dll /reference:"C:\Program Files (x86)\Reference Assemblies\Microsoft\Framework\.NETFramework\v4.7.2\System.Security.dll" /reference:C:\Users\AD\source\repos\Project_Recruiment_Huce\packages\System.Threading.Tasks.Extensions.4.6.0\lib\net462\System.Threading.Tasks.Extensions.dll /reference:C:\Users\AD\source\repos\Project_Recruiment_Huce\packages\System.ValueTuple.4.5.0\lib\net47\System.ValueTuple.dll /reference:"C:\Program Files (x86)\Reference Assemblies\Microsoft\Framework\.NETFramework\v4.7.2\System.Web.Abstractions.dll" /reference:"C:\Program Files (x86)\Reference Assemblies\Microsoft\Framework\.NETFramework\v4.7.2\System.Web.ApplicationServices.dll" /reference:"C:\Program Files (x86)\Reference Assemblies\Microsoft\Framework\.NETFramework\v4.7.2\System.Web.dll" /reference:"C:\Program Files (x86)\Reference Assemblies\Microsoft\Framework\.NETFramework\v4.7.2\System.Web.DynamicData.dll" /reference:"C:\Program Files (x86)\Reference Assemblies\Microsoft\Framework\.NETFramework\v4.7.2\System.Web.Entity.dll" /reference:"C:\Program Files (x86)\Reference Assemblies\Microsoft\Framework\.NETFramework\v4.7.2\System.Web.Extensions.dll" /reference:C:\Users\AD\source\repos\Project_Recruiment_Huce\packages\Microsoft.AspNet.WebPages.3.2.9\lib\net45\System.Web.Helpers.dll /reference:C:\Users\AD\source\repos\Project_Recruiment_Huce\packages\Microsoft.AspNet.WebApi.Core.5.2.9\lib\net45\System.Web.Http.dll /reference:C:\Users\AD\source\repos\Project_Recruiment_Huce\packages\Microsoft.AspNet.WebApi.WebHost.5.2.9\lib\net45\System.Web.Http.WebHost.dll /reference:C:\Users\AD\source\repos\Project_Recruiment_Huce\packages\Microsoft.AspNet.Mvc.5.2.9\lib\net45\System.Web.Mvc.dll /reference:C:\Users\AD\source\repos\Project_Recruiment_Huce\packages\Microsoft.AspNet.Web.Optimization.1.1.3\lib\net40\System.Web.Optimization.dll /reference:C:\Users\AD\source\repos\Project_Recruiment_Huce\packages\Microsoft.AspNet.Razor.3.2.9\lib\net45\System.Web.Razor.dll /reference:"C:\Program Files (x86)\Reference Assemblies\Microsoft\Framework\.NETFramework\v4.7.2\System.Web.Routing.dll" /reference:"C:\Program Files (x86)\Reference Assemblies\Microsoft\Framework\.NETFramework\v4.7.2\System.Web.Services.dll" /reference:C:\Users\AD\source\repos\Project_Recruiment_Huce\packages\Microsoft.AspNet.WebPages.3.2.9\lib\net45\System.Web.WebPages.Deployment.dll /reference:C:\Users\AD\source\repos\Project_Recruiment_Huce\packages\Microsoft.AspNet.WebPages.3.2.9\lib\net45\System.Web.WebPages.dll /reference:C:\Users\AD\source\repos\Project_Recruiment_Huce\packages\Microsoft.AspNet.WebPages.3.2.9\lib\net45\System.Web.WebPages.Razor.dll /reference:"C:\Program Files (x86)\Reference Assemblies\Microsoft\Framework\.NETFramework\v4.7.2\System.Xml.dll" /reference:"C:\Program Files (x86)\Reference Assemblies\Microsoft\Framework\.NETFramework\v4.7.2\System.Xml.Linq.dll" /reference:C:\Users\AD\source\repos\Project_Recruiment_Huce\packages\WebGrease.1.6.0\lib\WebGrease.dll /debug+ /debug:full /optimize- /out:obj\Debug\Project_Recruiment_Huce.dll /subsystemversion:6.00 /target:library /utf8output /langversion:7.3 App_Start\BundleConfig.cs App_Start\FilterConfig.cs App_Start\RouteConfig.cs App_Start\Startup.Auth.cs Areas\Admin\AdminAreaRegistration.cs Areas\Admin\Attributes\AdminAuthorizeAttribute.cs Attributes\UserAuthorizeAttribute.cs Areas\Admin\Controllers\AccountsController.cs Areas\Admin\Controllers\AdminBaseController.cs Areas\Admin\Controllers\ApplicationsController.cs Areas\Admin\Controllers\AuthController.cs Areas\Admin\Controllers\CandidatesController.cs Areas\Admin\Controllers\CompaniesController.cs Areas\Admin\Controllers\ContactMessagesController.cs Areas\Admin\Controllers\DashboardController.cs Areas\Admin\Controllers\InterviewManagementController.cs Areas\Admin\Controllers\JobPostsController.cs Areas\Admin\Controllers\PhotosController.cs Areas\Admin\Controllers\ProfileController.cs Areas\Admin\Controllers\RecruitersController.cs Areas\Admin\Controllers\TransactionsController.cs Areas\Admin\Filters\AdminAreaAuthorizationFilter.cs Areas\Admin\Helpers\NotificationHelper.cs Areas\Admin\Models\AccountViewModels.cs Areas\Admin\Models\ApplicationViewModels.cs Areas\Admin\Models\CandidateViewModels.cs Areas\Admin\Models\CompanyViewModels.cs Areas\Admin\Models\ContactMessageViewModels.cs Areas\Admin\Models\InterviewViewModels.cs Areas\Admin\Models\JobPostViewModels.cs Areas\Admin\Models\MockData.cs Areas\Admin\Models\PaymentViewModels.cs Areas\Admin\Models\PhotoViewModels.cs Areas\Admin\Models\RecruiterViewModels.cs Areas\Admin\Models\ViewModels.cs Areas\Admin\Models\WorkExperienceViewModels.cs Controllers\Accounts\googlesignin.cs Controllers\BaseController.cs Controllers\Accounts\AccountController.cs Controllers\Candidates\CandidatesController.cs Controllers\Candidates\ResumeFilesController.cs Controllers\Candidates\SavedJobsController.cs Controllers\Recruiters\RecruitersController.cs Controllers\Recruiters\RecruitersApplicationController.cs Controllers\Recruiters\RecruiterAnalyticsController.cs Controllers\MyAccount\MyAccountController.cs Controllers\Companies\CompaniesController.cs Controllers\Jobs\JobsController.cs Controllers\HomeController.cs Global.asax.cs HangfireAuthorizationFilter.cs Models\Accounts\AccountViewModels.cs Models\Accounts\GoogleLoginViewModel.cs Models\Accounts\ManageViewModels.cs Models\Accounts\MyAccountViewModels.cs Models\Candidates\CandidateManageViewModel.cs Models\Candidates\ApplicationListViewModel.cs Models\Candidates\ApplicationDetailsViewModel.cs Models\Candidates\ApplicationApplyViewModel.cs Models\Candidates\ResumeFileViewModel.cs Models\Candidates\SavedJobViewModel.cs Models\Companies\CompanyManageViewModel.cs Models\InterviewEmailData.cs Models\JOBPORTAL_EN.designer.cs Models\Recruiters\RecruiterApplicationViewModels.cs Models\Recruiters\InterviewScheduleViewModels.cs Models\Recruiters\RecruiterAnalyticsViewModels.cs Models\Home\HomeIndexViewModel.cs Models\Home\ContactViewModels.cs Models\Jobs\JobViewModels.cs Models\Jobs\JobCreateViewModel.cs Models\SubscriptionViewModel.cs Models\SePayWebhookModel.cs Models\Payment\VietQRRequest.cs Models\Payment\VietQRResponse.cs Models\Payment\PaymentModels.cs Services\EmailService.cs Services\ServiceResult.cs Services\VietQRService\IVietQRService.cs Services\VietQRService\VietQRService.cs Repositories\SubscriptionRepo\ISubscriptionRepository.cs Repositories\SubscriptionRepo\SubscriptionRepository.cs Services\SubscriptionService\ISubscriptionService.cs Services\SubscriptionService\SubscriptionService.cs Services\WebhookService\ISePayWebhookService.cs Services\WebhookService\SePayWebhookService.cs Controllers\SubscriptionController.cs Properties\AssemblyInfo.cs Startup.cs Helpers\PasswordHelper.cs Helpers\HtmlSanitizerHelper.cs Helpers\JobStatusHelper.cs Helpers\EmailSyncHelper.cs Helpers\PasswordResetHelper.cs Helpers\SalaryHelper.cs Helpers\ApplicationStatusHelper.cs Helpers\ValidationHelper.cs Helpers\EmploymentTypeHelper.cs Helpers\CompanyLogoHelper.cs Helpers\AuthHelper.cs Infrastructure\DbContextFactory.cs Mappers\JobMapper.cs Repositories\AccountRepo\IAccountRepository.cs Repositories\AccountRepo\AccountRepository.cs Repositories\CompanyRepo\ICompanyRepository.cs Repositories\CompanyRepo\CompanyRepository.cs Repositories\JobRepo\IJobRepository.cs Repositories\JobRepo\JobRepository.cs Repositories\JobRepositoryLegacy.cs Repositories\MyAccountRepo\IMyAccountRepository.cs Repositories\MyAccountRepo\MyAccountRepository.cs Repositories\CandidateRepo\ICandidateRepository.cs Repositories\CandidateRepo\CandidateRepository.cs Repositories\ResumeFileRepo\IResumeFileRepository.cs Repositories\ResumeFileRepo\ResumeFileRepository.cs Repositories\SavedJobRepo\ISavedJobRepository.cs Repositories\SavedJobRepo\SavedJobRepository.cs Repositories\RecruiterAnalyticsRepo\IRecruiterAnalyticsRepository.cs Repositories\RecruiterAnalyticsRepo\RecruiterAnalyticsRepository.cs Repositories\RecruiterApplicationRepo\IRecruiterApplicationRepository.cs Repositories\RecruiterApplicationRepo\RecruiterApplicationRepository.cs Repositories\RecruiterRepo\IRecruiterRepository.cs Repositories\RecruiterRepo\RecruiterRepository.cs Repositories\ContactRepo\IContactRepository.cs Repositories\ContactRepo\ContactRepository.cs Services\JobService\IJobService.cs Services\JobService\JobService.cs Services\JobServiceLegacy.cs Services\ValidationService.cs Services\ValidationResult.cs Services\AccountService\IAccountService.cs Services\AccountService\AccountService.cs Services\AccountValidationService.cs Services\CompanyService\ICompanyService.cs Services\CompanyService\CompanyService.cs Services\MyAccountService\IMyAccountService.cs Services\MyAccountService\MyAccountService.cs Services\CandidateService\ICandidateService.cs Services\CandidateService\CandidateService.cs Services\ResumeFileService\IResumeFileService.cs Services\ResumeFileService\ResumeFileService.cs Services\SavedJobService\ISavedJobService.cs Services\SavedJobService\SavedJobService.cs Services\RecruiterAnalyticsService\IRecruiterAnalyticsService.cs Services\RecruiterAnalyticsService\RecruiterAnalyticsService.cs Services\RecruiterAnalyticsServiceLegacy.cs Services\RecruiterApplicationService\IRecruiterApplicationService.cs Services\RecruiterApplicationService\RecruiterApplicationService.cs Services\RecruiterService\IRecruiterService.cs Services\RecruiterService\RecruiterService.cs Services\ContactService\IContactService.cs Services\ContactService\ContactService.cs Helpers\PaymentLogger.cs Helpers\SePaySecurityHelper.cs "obj\Debug\.NETFramework,Version=v4.7.2.AssemblyAttributes.cs"
C:\Users\AD\source\repos\Project_Recruiment_Huce\Project_Recruiment_Huce\Areas\Admin\Controllers\InterviewManagementController.cs(44,33): error CS1061: 'DateTime' does not contain a definition for 'HasValue' and no accessible extension method 'HasValue' accepting a first argument of type 'DateTime' could be found (are you missing a using directive or an assembly reference?) [C:\Users\AD\source\repos\Project_Recruiment_Huce\Project_Recruiment_Huce\Project_Recruiment_Huce.csproj]
C:\Users\AD\source\repos\Project_Recruiment_Huce\Project_Recruiment_Huce\Areas\Admin\Controllers\InterviewManagementController.cs(44,57): error CS1061: 'DateTime' does not contain a definition for 'Value' and no accessible extension method 'Value' accepting a first argument of type 'DateTime' could be found (are you missing a using directive or an assembly reference?) [C:\Users\AD\source\repos\Project_Recruiment_Huce\Project_Recruiment_Huce\Project_Recruiment_Huce.csproj]
C:\Users\AD\source\repos\Project_Recruiment_Huce\Project_Recruiment_Huce\Areas\Admin\Controllers\InterviewManagementController.cs(44,87): error CS1061: 'DateTime' does not contain a definition for 'Value' and no accessible extension method 'Value' accepting a first argument of type 'DateTime' could be found (are you missing a using directive or an assembly reference?) [C:\Users\AD\source\repos\Project_Recruiment_Huce\Project_Recruiment_Huce\Project_Recruiment_Huce.csproj]
C:\Users\AD\source\repos\Project_Recruiment_Huce\Project_Recruiment_Huce\Areas\Admin\Controllers\InterviewManagementController.cs(46,33): error CS1061: 'DateTime' does not contain a definition for 'HasValue' and no accessible extension method 'HasValue' accepting a first argument of type 'DateTime' could be found (are you missing a using directive or an assembly reference?) [C:\Users\AD\source\repos\Project_Recruiment_Huce\Project_Recruiment_Huce\Project_Recruiment_Huce.csproj]
C:\Users\AD\source\repos\Project_Recruiment_Huce\Project_Recruiment_Huce\Areas\Admin\Controllers\InterviewManagementController.cs(46,57): error CS1061: 'DateTime' does not contain a definition for 'Value' and no accessible extension method 'Value' accepting a first argument of type 'DateTime' could be found (are you missing a using directive or an assembly reference?) [C:\Users\AD\source\repos\Project_Recruiment_Huce\Project_Recruiment_Huce\Project_Recruiment_Huce.csproj]
C:\Users\AD\source\repos\Project_Recruiment_Huce\Project_Recruiment_Huce\Areas\Admin\Controllers\InterviewManagementController.cs(46,91): error CS1061: 'DateTime' does not contain a definition for 'Value' and no accessible extension method 'Value' accepting a first argument of type 'DateTime' could be found (are you missing a using directive or an assembly reference?) [C:\Users\AD\source\repos\Project_Recruiment_Huce\Project_Recruiment_Huce\Project_Recruiment_Huce.csproj]
C:\Users\AD\source\repos\Project_Recruiment_Huce\Project_Recruiment_Huce\Areas\Admin\Controllers\InterviewManagementController.cs(48,33): error CS1061: 'DateTime' does not contain a definition for 'HasValue' and no accessible extension method 'HasValue' accepting a first argument of type 'DateTime' could be found (are you missing a using directive or an assembly reference?) [C:\Users\AD\source\repos\Project_Recruiment_Huce\Project_Recruiment_Huce\Project_Recruiment_Huce.csproj]
C:\Users\AD\source\repos\Project_Recruiment_Huce\Project_Recruiment_Huce\Areas\Admin\Controllers\InterviewManagementController.cs(48,57): error CS1061: 'DateTime' does not contain a definition for 'Value' and no accessible extension method 'Value' accepting a first argument of type 'DateTime' could be found (are you missing a using directive or an assembly reference?) [C:\Users\AD\source\repos\Project_Recruiment_Huce\Project_Recruiment_Huce\Project_Recruiment_Huce.csproj]
C:\Users\AD\source\repos\Project_Recruiment_Huce\Project_Recruiment_Huce\Areas\Admin\Controllers\InterviewManagementController.cs(79,37): error CS1061: 'DateTime' does not contain a definition for 'HasValue' and no accessible extension method 'HasValue' accepting a first argument of type 'DateTime' could be found (are you missing a using directive or an assembly reference?) [C:\Users\AD\source\repos\Project_Recruiment_Huce\Project_Recruiment_Huce\Project_Recruiment_Huce.csproj]
C:\Users\AD\source\repos\Project_Recruiment_Huce\Project_Recruiment_Huce\Areas\Admin\Controllers\InterviewManagementController.cs(79,61): error CS1061: 'DateTime' does not contain a definition for 'Value' and no accessible extension method 'Value' accepting a first argument of type 'DateTime' could be found (are you missing a using directive or an assembly reference?) [C:\Users\AD\source\repos\Project_Recruiment_Huce\Project_Recruiment_Huce\Project_Recruiment_Huce.csproj]
C:\Users\AD\source\repos\Project_Recruiment_Huce\Project_Recruiment_Huce\Areas\Admin\Controllers\InterviewManagementController.cs(79,90): error CS1061: 'DateTime' does not contain a definition for 'Value' and no accessible extension method 'Value' accepting a first argument of type 'DateTime' could be found (are you missing a using directive or an assembly reference?) [C:\Users\AD\source\repos\Project_Recruiment_Huce\Project_Recruiment_Huce\Project_Recruiment_Huce.csproj]
C:\Users\AD\source\repos\Project_Recruiment_Huce\Project_Recruiment_Huce\Areas\Admin\Controllers\InterviewManagementController.cs(148,37): error CS1061: 'DateTime' does not contain a definition for 'HasValue' and no accessible extension method 'HasValue' accepting a first argument of type 'DateTime' could be found (are you missing a using directive or an assembly reference?) [C:\Users\AD\source\repos\Project_Recruiment_Huce\Project_Recruiment_Huce\Project_Recruiment_Huce.csproj]
C:\Users\AD\source\repos\Project_Recruiment_Huce\Project_Recruiment_Huce\Areas\Admin\Controllers\InterviewManagementController.cs(148,61): error CS1061: 'DateTime' does not contain a definition for 'Value' and no accessible extension method 'Value' accepting a first argument of type 'DateTime' could be found (are you missing a using directive or an assembly reference?) [C:\Users\AD\source\repos\Project_Recruiment_Huce\Project_Recruiment_Huce\Project_Recruiment_Huce.csproj]
C:\Users\AD\source\repos\Project_Recruiment_Huce\Project_Recruiment_Huce\Areas\Admin\Controllers\InterviewManagementController.cs(154,37): error CS1061: 'DateTime' does not contain a definition for 'HasValue' and no accessible extension method 'HasValue' accepting a first argument of type 'DateTime' could be found (are you missing a using directive or an assembly reference?) [C:\Users\AD\source\repos\Project_Recruiment_Huce\Project_Recruiment_Huce\Project_Recruiment_Huce.csproj]
C:\Users\AD\source\repos\Project_Recruiment_Huce\Project_Recruiment_Huce\Areas\Admin\Controllers\InterviewManagementController.cs(154,61): error CS1061: 'DateTime' does not contain a definition for 'Value' and no accessible extension method 'Value' accepting a first argument of type 'DateTime' could be found (are you missing a using directive or an assembly reference?) [C:\Users\AD\source\repos\Project_Recruiment_Huce\Project_Recruiment_Huce\Project_Recruiment_Huce.csproj]
C:\Users\AD\source\repos\Project_Recruiment_Huce\Project_Recruiment_Huce\Areas\Admin\Controllers\InterviewManagementController.cs(175,76): error CS0019: Operator '??' cannot be applied to operands of type 'DateTime' and 'DateTime' [C:\Users\AD\source\repos\Project_Recruiment_Huce\Project_Recruiment_Huce\Project_Recruiment_Huce.csproj]
C:\Users\AD\source\repos\Project_Recruiment_Huce\Project_Recruiment_Huce\Areas\Admin\Controllers\InterviewManagementController.cs(296,37): error CS0019: Operator '??' cannot be applied to operands of type 'DateTime' and 'DateTime' [C:\Users\AD\source\repos\Project_Recruiment_Huce\Project_Recruiment_Huce\Project_Recruiment_Huce.csproj]
  CompilerServer: server - server processed compilation - Project_Recruiment_Huce
Done Building Project "C:\Users\AD\source\repos\Project_Recruiment_Huce\Project_Recruiment_Huce\Project_Recruiment_Huce.csproj" (Build target(s)) -- FAILED.

Build FAILED.

"C:\Users\AD\source\repos\Project_Recruiment_Huce\Project_Recruiment_Huce\Project_Recruiment_Huce.csproj" (Build target) (1) ->
(CoreCompile target) -> 
  C:\Users\AD\source\repos\Project_Recruiment_Huce\Project_Recruiment_Huce\Areas\Admin\Controllers\InterviewManagementController.cs(44,33): error CS1061: 'DateTime' does not contain a definition for 'HasValue' and no accessible extension method 'HasValue' accepting a first argument of type 'DateTime' could be found (are you missing a using directive or an assembly reference?) [C:\Users\AD\source\repos\Project_Recruiment_Huce\Project_Recruiment_Huce\Project_Recruiment_Huce.csproj]
  C:\Users\AD\source\repos\Project_Recruiment_Huce\Project_Recruiment_Huce\Areas\Admin\Controllers\InterviewManagementController.cs(44,57): error CS1061: 'DateTime' does not contain a definition for 'Value' and no accessible extension method 'Value' accepting a first argument of type 'DateTime' could be found (are you missing a using directive or an assembly reference?) [C:\Users\AD\source\repos\Project_Recruiment_Huce\Project_Recruiment_Huce\Project_Recruiment_Huce.csproj]
  C:\Users\AD\source\repos\Project_Recruiment_Huce\Project_Recruiment_Huce\Areas\Admin\Controllers\InterviewManagementController.cs(44,87): error CS1061: 'DateTime' does not contain a definition for 'Value' and no accessible extension method 'Value' accepting a first argument of type 'DateTime' could be found (are you missing a using directive or an assembly reference?) [C:\Users\AD\source\repos\Project_Recruiment_Huce\Project_Recruiment_Huce\Project_Recruiment_Huce.csproj]
  C:\Users\AD\source\repos\Project_Recruiment_Huce\Project_Recruiment_Huce\Areas\Admin\Controllers\InterviewManagementController.cs(46,33): error CS1061: 'DateTime' does not contain a definition for 'HasValue' and no accessible extension method 'HasValue' accepting a first argument of type 'DateTime' could be found (are you missing a using directive or an assembly reference?) [C:\Users\AD\source\repos\Project_Recruiment_Huce\Project_Recruiment_Huce\Project_Recruiment_Huce.csproj]
  C:\Users\AD\source\repos\Project_Recruiment_Huce\Project_Recruiment_Huce\Areas\Admin\Controllers\InterviewManagementController.cs(46,57): error CS1061: 'DateTime' does not contain a definition for 'Value' and no accessible extension method 'Value' accepting a first argument of type 'DateTime' could be found (are you missing a using directive or an assembly reference?) [C:\Users\AD\source\repos\Project_Recruiment_Huce\Project_Recruiment_Huce\Project_Recruiment_Huce.csproj]
  C:\Users\AD\source\repos\Project_Recruiment_Huce\Project_Recruiment_Huce\Areas\Admin\Controllers\InterviewManagementController.cs(46,91): error CS1061: 'DateTime' does not contain a definition for 'Value' and no accessible extension method 'Value' accepting a first argument of type 'DateTime' could be found (are you missing a using directive or an assembly reference?) [C:\Users\AD\source\repos\Project_Recruiment_Huce\Project_Recruiment_Huce\Project_Recruiment_Huce.csproj]
  C:\Users\AD\source\repos\Project_Recruiment_Huce\Project_Recruiment_Huce\Areas\Admin\Controllers\InterviewManagementController.cs(48,33): error CS1061: 'DateTime' does not contain a definition for 'HasValue' and no accessible extension method 'HasValue' accepting a first argument of type 'DateTime' could be found (are you missing a using directive or an assembly reference?) [C:\Users\AD\source\repos\Project_Recruiment_Huce\Project_Recruiment_Huce\Project_Recruiment_Huce.csproj]
  C:\Users\AD\source\repos\Project_Recruiment_Huce\Project_Recruiment_Huce\Areas\Admin\Controllers\InterviewManagementController.cs(48,57): error CS1061: 'DateTime' does not contain a definition for 'Value' and no accessible extension method 'Value' accepting a first argument of type 'DateTime' could be found (are you missing a using directive or an assembly reference?) [C:\Users\AD\source\repos\Project_Recruiment_Huce\Project_Recruiment_Huce\Project_Recruiment_Huce.csproj]
  C:\Users\AD\source\repos\Project_Recruiment_Huce\Project_Recruiment_Huce\Areas\Admin\Controllers\InterviewManagementController.cs(79,37): error CS1061: 'DateTime' does not contain a definition for 'HasValue' and no accessible extension method 'HasValue' accepting a first argument of type 'DateTime' could be found (are you missing a using directive or an assembly reference?) [C:\Users\AD\source\repos\Project_Recruiment_Huce\Project_Recruiment_Huce\Project_Recruiment_Huce.csproj]
  C:\Users\AD\source\repos\Project_Recruiment_Huce\Project_Recruiment_Huce\Areas\Admin\Controllers\InterviewManagementController.cs(79,61): error CS1061: 'DateTime' does not contain a definition for 'Value' and no accessible extension method 'Value' accepting a first argument of type 'DateTime' could be found (are you missing a using directive or an assembly reference?) [C:\Users\AD\source\repos\Project_Recruiment_Huce\Project_Recruiment_Huce\Project_Recruiment_Huce.csproj]
  C:\Users\AD\source\repos\Project_Recruiment_Huce\Project_Recruiment_Huce\Areas\Admin\Controllers\InterviewManagementController.cs(79,90): error CS1061: 'DateTime' does not contain a definition for 'Value' and no accessible extension method 'Value' accepting a first argument of type 'DateTime' could be found (are you missing a using directive or an assembly reference?) [C:\Users\AD\source\repos\Project_Recruiment_Huce\Project_Recruiment_Huce\Project_Recruiment_Huce.csproj]
  C:\Users\AD\source\repos\Project_Recruiment_Huce\Project_Recruiment_Huce\Areas\Admin\Controllers\InterviewManagementController.cs(148,37): error CS1061: 'DateTime' does not contain a definition for 'HasValue' and no accessible extension method 'HasValue' accepting a first argument of type 'DateTime' could be found (are you missing a using directive or an assembly reference?) [C:\Users\AD\source\repos\Project_Recruiment_Huce\Project_Recruiment_Huce\Project_Recruiment_Huce.csproj]
  C:\Users\AD\source\repos\Project_Recruiment_Huce\Project_Recruiment_Huce\Areas\Admin\Controllers\InterviewManagementController.cs(148,61): error CS1061: 'DateTime' does not contain a definition for 'Value' and no accessible extension method 'Value' accepting a first argument of type 'DateTime' could be found (are you missing a using directive or an assembly reference?) [C:\Users\AD\source\repos\Project_Recruiment_Huce\Project_Recruiment_Huce\Project_Recruiment_Huce.csproj]
  C:\Users\AD\source\repos\Project_Recruiment_Huce\Project_Recruiment_Huce\Areas\Admin\Controllers\InterviewManagementController.cs(154,37): error CS1061: 'DateTime' does not contain a definition for 'HasValue' and no accessible extension method 'HasValue' accepting a first argument of type 'DateTime' could be found (are you missing a using directive or an assembly reference?) [C:\Users\AD\source\repos\Project_Recruiment_Huce\Project_Recruiment_Huce\Project_Recruiment_Huce.csproj]
  C:\Users\AD\source\repos\Project_Recruiment_Huce\Project_Recruiment_Huce\Areas\Admin\Controllers\InterviewManagementController.cs(154,61): error CS1061: 'DateTime' does not contain a definition for 'Value' and no accessible extension method 'Value' accepting a first argument of type 'DateTime' could be found (are you missing a using directive or an assembly reference?) [C:\Users\AD\source\repos\Project_Recruiment_Huce\Project_Recruiment_Huce\Project_Recruiment_Huce.csproj]
  C:\Users\AD\source\repos\Project_Recruiment_Huce\Project_Recruiment_Huce\Areas\Admin\Controllers\InterviewManagementController.cs(175,76): error CS0019: Operator '??' cannot be applied to operands of type 'DateTime' and 'DateTime' [C:\Users\AD\source\repos\Project_Recruiment_Huce\Project_Recruiment_Huce\Project_Recruiment_Huce.csproj]
  C:\Users\AD\source\repos\Project_Recruiment_Huce\Project_Recruiment_Huce\Areas\Admin\Controllers\InterviewManagementController.cs(296,37): error CS0019: Operator '??' cannot be applied to operands of type 'DateTime' and 'DateTime' [C:\Users\AD\source\repos\Project_Recruiment_Huce\Project_Recruiment_Huce\Project_Recruiment_Huce.csproj]

    0 Warning(s)
    17 Error(s)

Time Elapsed 00:00:00.35
